<?xml version="1.0" encoding="UTF-8"?>
<TestRun id="f911ed6d-c2dd-4d07-badc-cf52f1fa99c2" name="Tom@HAL 2012-04-29 10:05:47" runUser="Hal\Tom" xmlns="http://microsoft.com/schemas/VisualStudio/TeamTest/2010">
  <TestSettings name="Local" id="feab0091-aeb5-4294-8a78-86a43346a953">
    <Description>These are default test settings for a local test run.</Description>
    <Deployment enabled="false" runDeploymentRoot="Tom_HAL 2012-04-29 10_05_47">
      <DeploymentItem filename="C:\dev\recurly-client-net\Library\bin\Debug\Recurly.dll" />
    </Deployment>
    <Execution>
      <TestTypeSpecific />
      <AgentRule name="Execution Agents">
      </AgentRule>
    </Execution>
  </TestSettings>
  <Times creation="2012-04-29T10:05:47.5569087+01:00" queuing="2012-04-29T10:05:47.5959109+01:00" start="2012-04-29T10:05:47.6159120+01:00" finish="2012-04-29T10:06:05.5488485+01:00" />
  <ResultSummary outcome="Failed">
    <Counters total="11" executed="11" passed="8" error="0" failed="3" timeout="0" aborted="0" inconclusive="0" passedButRunAborted="0" notRunnable="0" notExecuted="0" disconnected="0" warning="0" completed="0" inProgress="0" pending="0" />
  </ResultSummary>
  <TestDefinitions>
    <UnitTest name="LookupMissingInfo" storage="c:\dev\recurly-client-net\test\bin\debug\recurly.test.dll" id="dccb6676-35d0-8168-53a2-74eabb0b5bb4">
      <Execution id="b657e00d-bddd-4e24-801f-d82bcfcc4dbe" />
      <TestMethod codeBase="C:/dev/recurly-client-net/Test/bin/Debug/Recurly.Test.DLL" adapterTypeName="Microsoft.VisualStudio.TestTools.TestTypes.Unit.UnitTestAdapter, Microsoft.VisualStudio.QualityTools.Tips.UnitTest.Adapter, Version=10.0.0.0, Culture=neutral, PublicKeyToken=b03f5f7f11d50a3a" className="Recurly.Test.BillingInfoTest, Recurly.Test, Version=1.0.0.0, Culture=neutral, PublicKeyToken=null" name="LookupMissingInfo" />
    </UnitTest>
    <UnitTest name="CreateCharge" storage="c:\dev\recurly-client-net\test\bin\debug\recurly.test.dll" id="79fb443b-d487-1a28-6d30-ee3ce4148245">
      <Execution id="5fdf33b2-cb0c-4045-9c7d-683c6d0eff6b" />
      <TestMethod codeBase="C:/dev/recurly-client-net/Test/bin/Debug/Recurly.Test.DLL" adapterTypeName="Microsoft.VisualStudio.TestTools.TestTypes.Unit.UnitTestAdapter, Microsoft.VisualStudio.QualityTools.Tips.UnitTest.Adapter, Version=10.0.0.0, Culture=neutral, PublicKeyToken=b03f5f7f11d50a3a" className="Recurly.Test.ChargeTest, Recurly.Test, Version=1.0.0.0, Culture=neutral, PublicKeyToken=null" name="CreateCharge" />
    </UnitTest>
    <UnitTest name="LookupBillingInfo" storage="c:\dev\recurly-client-net\test\bin\debug\recurly.test.dll" id="d019bb13-703c-670e-55fa-9f242541f50d">
      <Execution id="0149a6cb-6769-4914-9023-794f8baaf7a9" />
      <TestMethod codeBase="C:/dev/recurly-client-net/Test/bin/Debug/Recurly.Test.DLL" adapterTypeName="Microsoft.VisualStudio.TestTools.TestTypes.Unit.UnitTestAdapter, Microsoft.VisualStudio.QualityTools.Tips.UnitTest.Adapter, Version=10.0.0.0, Culture=neutral, PublicKeyToken=b03f5f7f11d50a3a" className="Recurly.Test.BillingInfoTest, Recurly.Test, Version=1.0.0.0, Culture=neutral, PublicKeyToken=null" name="LookupBillingInfo" />
    </UnitTest>
    <UnitTest name="UpdateAccount" storage="c:\dev\recurly-client-net\test\bin\debug\recurly.test.dll" id="5f478640-42ae-5fec-26d8-f773afb4102b">
      <Execution id="c94dd1a4-0e2c-4a8f-886d-08cb5a3ef927" />
      <TestMethod codeBase="C:/dev/recurly-client-net/Test/bin/Debug/Recurly.Test.DLL" adapterTypeName="Microsoft.VisualStudio.TestTools.TestTypes.Unit.UnitTestAdapter, Microsoft.VisualStudio.QualityTools.Tips.UnitTest.Adapter, Version=10.0.0.0, Culture=neutral, PublicKeyToken=b03f5f7f11d50a3a" className="Recurly.Test.AccountTest, Recurly.Test, Version=1.0.0.0, Culture=neutral, PublicKeyToken=null" name="UpdateAccount" />
    </UnitTest>
    <UnitTest name="ClearBillingInfo" storage="c:\dev\recurly-client-net\test\bin\debug\recurly.test.dll" id="a6307c88-6880-eff7-6b98-8cec0f77ea74">
      <Execution id="078b363d-42a8-40b1-9ad7-bcc6d2c3b313" />
      <TestMethod codeBase="C:/dev/recurly-client-net/Test/bin/Debug/Recurly.Test.DLL" adapterTypeName="Microsoft.VisualStudio.TestTools.TestTypes.Unit.UnitTestAdapter, Microsoft.VisualStudio.QualityTools.Tips.UnitTest.Adapter, Version=10.0.0.0, Culture=neutral, PublicKeyToken=b03f5f7f11d50a3a" className="Recurly.Test.BillingInfoTest, Recurly.Test, Version=1.0.0.0, Culture=neutral, PublicKeyToken=null" name="ClearBillingInfo" />
    </UnitTest>
    <UnitTest name="CloseAccount" storage="c:\dev\recurly-client-net\test\bin\debug\recurly.test.dll" id="839b8906-fa97-3e4a-912c-81ae53cc31d4">
      <Execution id="756b6657-b30a-4f3b-b795-ea4fc80aca45" />
      <TestMethod codeBase="C:/dev/recurly-client-net/Test/bin/Debug/Recurly.Test.DLL" adapterTypeName="Microsoft.VisualStudio.TestTools.TestTypes.Unit.UnitTestAdapter, Microsoft.VisualStudio.QualityTools.Tips.UnitTest.Adapter, Version=10.0.0.0, Culture=neutral, PublicKeyToken=b03f5f7f11d50a3a" className="Recurly.Test.AccountTest, Recurly.Test, Version=1.0.0.0, Culture=neutral, PublicKeyToken=null" name="CloseAccount" />
    </UnitTest>
    <UnitTest name="FindNonExistantAccount" storage="c:\dev\recurly-client-net\test\bin\debug\recurly.test.dll" id="e3e106a3-a7e5-0d52-b37f-86781792e573">
      <Execution id="eed4a1e5-a302-4642-bf90-2d0cf952106d" />
      <TestMethod codeBase="C:/dev/recurly-client-net/Test/bin/Debug/Recurly.Test.DLL" adapterTypeName="Microsoft.VisualStudio.TestTools.TestTypes.Unit.UnitTestAdapter, Microsoft.VisualStudio.QualityTools.Tips.UnitTest.Adapter, Version=10.0.0.0, Culture=neutral, PublicKeyToken=b03f5f7f11d50a3a" className="Recurly.Test.AccountTest, Recurly.Test, Version=1.0.0.0, Culture=neutral, PublicKeyToken=null" name="FindNonExistantAccount" />
    </UnitTest>
    <UnitTest name="UpdateBillingInfo" storage="c:\dev\recurly-client-net\test\bin\debug\recurly.test.dll" id="9e6ebedd-09f9-25f9-315f-752d97126c08">
      <Execution id="92813637-60cc-421a-ba1a-f837c09c7437" />
      <TestMethod codeBase="C:/dev/recurly-client-net/Test/bin/Debug/Recurly.Test.DLL" adapterTypeName="Microsoft.VisualStudio.TestTools.TestTypes.Unit.UnitTestAdapter, Microsoft.VisualStudio.QualityTools.Tips.UnitTest.Adapter, Version=10.0.0.0, Culture=neutral, PublicKeyToken=b03f5f7f11d50a3a" className="Recurly.Test.BillingInfoTest, Recurly.Test, Version=1.0.0.0, Culture=neutral, PublicKeyToken=null" name="UpdateBillingInfo" />
    </UnitTest>
    <UnitTest name="CreateAccount" storage="c:\dev\recurly-client-net\test\bin\debug\recurly.test.dll" id="00fdf40d-2a23-a5f4-85a5-3841337d8c48">
      <Execution id="5c69c316-1d09-4719-bb7e-9d76314aa1e0" />
      <TestMethod codeBase="C:/dev/recurly-client-net/Test/bin/Debug/Recurly.Test.DLL" adapterTypeName="Microsoft.VisualStudio.TestTools.TestTypes.Unit.UnitTestAdapter, Microsoft.VisualStudio.QualityTools.Tips.UnitTest.Adapter, Version=10.0.0.0, Culture=neutral, PublicKeyToken=b03f5f7f11d50a3a" className="Recurly.Test.AccountTest, Recurly.Test, Version=1.0.0.0, Culture=neutral, PublicKeyToken=null" name="CreateAccount" />
    </UnitTest>
    <UnitTest name="LookupAccount" storage="c:\dev\recurly-client-net\test\bin\debug\recurly.test.dll" id="cbafa9f1-e281-0f55-769d-8ce4bf7d8553">
      <Execution id="8c348deb-a289-4de3-8393-22b18789cb00" />
      <TestMethod codeBase="C:/dev/recurly-client-net/Test/bin/Debug/Recurly.Test.DLL" adapterTypeName="Microsoft.VisualStudio.TestTools.TestTypes.Unit.UnitTestAdapter, Microsoft.VisualStudio.QualityTools.Tips.UnitTest.Adapter, Version=10.0.0.0, Culture=neutral, PublicKeyToken=b03f5f7f11d50a3a" className="Recurly.Test.AccountTest, Recurly.Test, Version=1.0.0.0, Culture=neutral, PublicKeyToken=null" name="LookupAccount" />
    </UnitTest>
    <UnitTest name="CloseAccount" storage="c:\dev\recurly-client-net\test\bin\debug\recurly.test.dll" id="e4eb6404-fb29-be97-1070-b69e8b647ace">
      <Execution id="4e9c6278-6c6f-4e30-a644-2f6259f6f7f8" />
      <TestMethod codeBase="C:/dev/recurly-client-net/Test/bin/Debug/Recurly.Test.DLL" adapterTypeName="Microsoft.VisualStudio.TestTools.TestTypes.Unit.UnitTestAdapter, Microsoft.VisualStudio.QualityTools.Tips.UnitTest.Adapter, Version=10.0.0.0, Culture=neutral, PublicKeyToken=b03f5f7f11d50a3a" className="Recurly.Test.BillingInfoTest, Recurly.Test, Version=1.0.0.0, Culture=neutral, PublicKeyToken=null" name="CloseAccount" />
    </UnitTest>
  </TestDefinitions>
  <TestLists>
    <TestList name="Results Not in a List" id="8c84fa94-04c1-424b-9868-57a2d4851a1d" />
    <TestList name="All Loaded Results" id="19431567-8539-422a-85d7-44ee4e166bda" />
  </TestLists>
  <TestEntries>
    <TestEntry testId="00fdf40d-2a23-a5f4-85a5-3841337d8c48" executionId="5c69c316-1d09-4719-bb7e-9d76314aa1e0" testListId="8c84fa94-04c1-424b-9868-57a2d4851a1d" />
    <TestEntry testId="5f478640-42ae-5fec-26d8-f773afb4102b" executionId="c94dd1a4-0e2c-4a8f-886d-08cb5a3ef927" testListId="8c84fa94-04c1-424b-9868-57a2d4851a1d" />
    <TestEntry testId="79fb443b-d487-1a28-6d30-ee3ce4148245" executionId="5fdf33b2-cb0c-4045-9c7d-683c6d0eff6b" testListId="8c84fa94-04c1-424b-9868-57a2d4851a1d" />
    <TestEntry testId="839b8906-fa97-3e4a-912c-81ae53cc31d4" executionId="756b6657-b30a-4f3b-b795-ea4fc80aca45" testListId="8c84fa94-04c1-424b-9868-57a2d4851a1d" />
    <TestEntry testId="9e6ebedd-09f9-25f9-315f-752d97126c08" executionId="92813637-60cc-421a-ba1a-f837c09c7437" testListId="8c84fa94-04c1-424b-9868-57a2d4851a1d" />
    <TestEntry testId="a6307c88-6880-eff7-6b98-8cec0f77ea74" executionId="078b363d-42a8-40b1-9ad7-bcc6d2c3b313" testListId="8c84fa94-04c1-424b-9868-57a2d4851a1d" />
    <TestEntry testId="cbafa9f1-e281-0f55-769d-8ce4bf7d8553" executionId="8c348deb-a289-4de3-8393-22b18789cb00" testListId="8c84fa94-04c1-424b-9868-57a2d4851a1d" />
    <TestEntry testId="d019bb13-703c-670e-55fa-9f242541f50d" executionId="0149a6cb-6769-4914-9023-794f8baaf7a9" testListId="8c84fa94-04c1-424b-9868-57a2d4851a1d" />
    <TestEntry testId="dccb6676-35d0-8168-53a2-74eabb0b5bb4" executionId="b657e00d-bddd-4e24-801f-d82bcfcc4dbe" testListId="8c84fa94-04c1-424b-9868-57a2d4851a1d" />
    <TestEntry testId="e3e106a3-a7e5-0d52-b37f-86781792e573" executionId="eed4a1e5-a302-4642-bf90-2d0cf952106d" testListId="8c84fa94-04c1-424b-9868-57a2d4851a1d" />
    <TestEntry testId="e4eb6404-fb29-be97-1070-b69e8b647ace" executionId="4e9c6278-6c6f-4e30-a644-2f6259f6f7f8" testListId="8c84fa94-04c1-424b-9868-57a2d4851a1d" />
  </TestEntries>
  <Results>
    <UnitTestResult executionId="5c69c316-1d09-4719-bb7e-9d76314aa1e0" testId="00fdf40d-2a23-a5f4-85a5-3841337d8c48" testName="CreateAccount" computerName="HAL" duration="00:00:01.2686771" startTime="2012-04-29T10:05:47.6329130+01:00" endTime="2012-04-29T10:05:49.0949766+01:00" testType="13cdc9d9-ddb5-4fa4-a97d-d965ccfc6d4b" outcome="Passed" testListId="8c84fa94-04c1-424b-9868-57a2d4851a1d" relativeResultsDirectory="5c69c316-1d09-4719-bb7e-9d76314aa1e0">
      <Output>
        <DebugTrace>Recurly: Requesting POST https://api.recurly.com/accounts/
</DebugTrace>
      </Output>
    </UnitTestResult>
    <UnitTestResult executionId="c94dd1a4-0e2c-4a8f-886d-08cb5a3ef927" testId="5f478640-42ae-5fec-26d8-f773afb4102b" testName="UpdateAccount" computerName="HAL" duration="00:00:02.2063968" startTime="2012-04-29T10:05:49.1049766+01:00" endTime="2012-04-29T10:05:51.3200687+01:00" testType="13cdc9d9-ddb5-4fa4-a97d-d965ccfc6d4b" outcome="Passed" testListId="8c84fa94-04c1-424b-9868-57a2d4851a1d" relativeResultsDirectory="c94dd1a4-0e2c-4a8f-886d-08cb5a3ef927">
      <Output>
        <DebugTrace>Recurly: Requesting POST https://api.recurly.com/accounts/
Recurly: Requesting PUT https://api.recurly.com/accounts/104-acct
Recurly: Requesting GET https://api.recurly.com/accounts/104-acct
</DebugTrace>
      </Output>
    </UnitTestResult>
    <UnitTestResult executionId="5fdf33b2-cb0c-4045-9c7d-683c6d0eff6b" testId="79fb443b-d487-1a28-6d30-ee3ce4148245" testName="CreateCharge" computerName="HAL" duration="00:00:01.6041456" startTime="2012-04-29T10:05:51.3250690+01:00" endTime="2012-04-29T10:05:52.9331520+01:00" testType="13cdc9d9-ddb5-4fa4-a97d-d965ccfc6d4b" outcome="Passed" testListId="8c84fa94-04c1-424b-9868-57a2d4851a1d" relativeResultsDirectory="5fdf33b2-cb0c-4045-9c7d-683c6d0eff6b">
      <Output>
        <DebugTrace>Recurly: Requesting POST https://api.recurly.com/accounts/
Recurly: Requesting POST https://api.recurly.com/accounts/328-acct/charges
</DebugTrace>
      </Output>
    </UnitTestResult>
    <UnitTestResult executionId="756b6657-b30a-4f3b-b795-ea4fc80aca45" testId="839b8906-fa97-3e4a-912c-81ae53cc31d4" testName="CloseAccount" computerName="HAL" duration="00:00:01.5749591" startTime="2012-04-29T10:05:52.9451527+01:00" endTime="2012-04-29T10:05:54.5242430+01:00" testType="13cdc9d9-ddb5-4fa4-a97d-d965ccfc6d4b" outcome="Passed" testListId="8c84fa94-04c1-424b-9868-57a2d4851a1d" relativeResultsDirectory="756b6657-b30a-4f3b-b795-ea4fc80aca45">
      <Output>
        <DebugTrace>Recurly: Requesting POST https://api.recurly.com/accounts/
Recurly: Requesting DELETE https://api.recurly.com/accounts/950-acct
</DebugTrace>
      </Output>
    </UnitTestResult>
    <UnitTestResult executionId="92813637-60cc-421a-ba1a-f837c09c7437" testId="9e6ebedd-09f9-25f9-315f-752d97126c08" testName="UpdateBillingInfo" computerName="HAL" duration="00:00:01.9465773" startTime="2012-04-29T10:05:54.5272432+01:00" endTime="2012-04-29T10:05:56.4793548+01:00" testType="13cdc9d9-ddb5-4fa4-a97d-d965ccfc6d4b" outcome="Passed" testListId="8c84fa94-04c1-424b-9868-57a2d4851a1d" relativeResultsDirectory="92813637-60cc-421a-ba1a-f837c09c7437">
      <Output>
        <DebugTrace>Recurly: Requesting POST https://api.recurly.com/accounts/
Recurly: Requesting PUT https://api.recurly.com/accounts/532-acct/billing_info
Recurly Client Library: Recording IP Address is strongly recommended.
</DebugTrace>
      </Output>
    </UnitTestResult>
    <UnitTestResult executionId="078b363d-42a8-40b1-9ad7-bcc6d2c3b313" testId="a6307c88-6880-eff7-6b98-8cec0f77ea74" testName="ClearBillingInfo" computerName="HAL" duration="00:00:02.4888421" startTime="2012-04-29T10:05:56.4833551+01:00" endTime="2012-04-29T10:05:58.9774894+01:00" testType="13cdc9d9-ddb5-4fa4-a97d-d965ccfc6d4b" outcome="Passed" testListId="8c84fa94-04c1-424b-9868-57a2d4851a1d" relativeResultsDirectory="078b363d-42a8-40b1-9ad7-bcc6d2c3b313">
      <Output>
        <DebugTrace>Recurly: Requesting POST https://api.recurly.com/accounts/
Recurly: Requesting PUT https://api.recurly.com/accounts/487-acct/billing_info
Recurly Client Library: Recording IP Address is strongly recommended.
Recurly: Requesting DELETE https://api.recurly.com/accounts/487-acct/billing_info
</DebugTrace>
      </Output>
    </UnitTestResult>
    <UnitTestResult executionId="8c348deb-a289-4de3-8393-22b18789cb00" testId="cbafa9f1-e281-0f55-769d-8ce4bf7d8553" testName="LookupAccount" computerName="HAL" duration="00:00:01.5767902" startTime="2012-04-29T10:05:58.9814896+01:00" endTime="2012-04-29T10:06:00.5645718+01:00" testType="13cdc9d9-ddb5-4fa4-a97d-d965ccfc6d4b" outcome="Passed" testListId="8c84fa94-04c1-424b-9868-57a2d4851a1d" relativeResultsDirectory="8c348deb-a289-4de3-8393-22b18789cb00">
      <Output>
        <DebugTrace>Recurly: Requesting POST https://api.recurly.com/accounts/
Recurly: Requesting GET https://api.recurly.com/accounts/989-acct
</DebugTrace>
      </Output>
    </UnitTestResult>
    <UnitTestResult executionId="0149a6cb-6769-4914-9023-794f8baaf7a9" testId="d019bb13-703c-670e-55fa-9f242541f50d" testName="LookupBillingInfo" computerName="HAL" duration="00:00:02.3464845" startTime="2012-04-29T10:06:00.5755724+01:00" endTime="2012-04-29T10:06:02.9277069+01:00" testType="13cdc9d9-ddb5-4fa4-a97d-d965ccfc6d4b" outcome="Failed" testListId="8c84fa94-04c1-424b-9868-57a2d4851a1d" relativeResultsDirectory="0149a6cb-6769-4914-9023-794f8baaf7a9">
      <Output>
        <DebugTrace>Recurly: Requesting POST https://api.recurly.com/accounts/
Recurly: Requesting PUT https://api.recurly.com/accounts/583-acct/billing_info
Recurly Client Library: Recording IP Address is strongly recommended.
Recurly: Requesting GET https://api.recurly.com/accounts/583-acct/billing_info
</DebugTrace>
        <ErrorInfo>
          <Message>Assert.IsTrue failed. </Message>
          <StackTrace>   at Recurly.Test.BillingInfoTest.LookupBillingInfo() in C:\dev\recurly-client-net\Test\BillingInfoTest.cs:line 34
</StackTrace>
        </ErrorInfo>
      </Output>
    </UnitTestResult>
    <UnitTestResult executionId="b657e00d-bddd-4e24-801f-d82bcfcc4dbe" testId="dccb6676-35d0-8168-53a2-74eabb0b5bb4" testName="LookupMissingInfo" computerName="HAL" duration="00:00:01.4293250" startTime="2012-04-29T10:06:02.9347073+01:00" endTime="2012-04-29T10:06:04.3677809+01:00" testType="13cdc9d9-ddb5-4fa4-a97d-d965ccfc6d4b" outcome="Failed" testListId="8c84fa94-04c1-424b-9868-57a2d4851a1d" relativeResultsDirectory="b657e00d-bddd-4e24-801f-d82bcfcc4dbe">
      <Output>
        <DebugTrace>Recurly: Requesting POST https://api.recurly.com/accounts/
Recurly: Requesting GET https://api.recurly.com/accounts/938-acct/billing_info
Recurly Library Received: 404 - NotFound
</DebugTrace>
        <ErrorInfo>
          <Message>Test method Recurly.Test.BillingInfoTest.LookupMissingInfo threw exception: 
Recurly.NotFoundException: Billing Info not found</Message>
          <StackTrace>    at Recurly.RecurlyClient.PerformRequest(HttpRequestMethod method, String urlPath, WriteXmlDelegate writeXmlDelegate, ReadXmlDelegate readXmlDelegate) in C:\dev\recurly-client-net\Library\RecurlyClient.cs:line 178
   at Recurly.RecurlyClient.PerformRequest(HttpRequestMethod method, String urlPath, ReadXmlDelegate readXmlDelegate) in C:\dev\recurly-client-net\Library\RecurlyClient.cs:line 118
   at Recurly.RecurlyBillingInfo.Get(String accountCode) in C:\dev\recurly-client-net\Library\RecurlyBillingInfo.cs:line 68
   at Recurly.Test.BillingInfoTest.LookupMissingInfo() in C:\dev\recurly-client-net\Test\BillingInfoTest.cs:line 43
</StackTrace>
        </ErrorInfo>
      </Output>
    </UnitTestResult>
    <UnitTestResult executionId="eed4a1e5-a302-4642-bf90-2d0cf952106d" testId="e3e106a3-a7e5-0d52-b37f-86781792e573" testName="FindNonExistantAccount" computerName="HAL" duration="00:00:00.5543951" startTime="2012-04-29T10:06:04.3737813+01:00" endTime="2012-04-29T10:06:04.9318132+01:00" testType="13cdc9d9-ddb5-4fa4-a97d-d965ccfc6d4b" outcome="Passed" testListId="8c84fa94-04c1-424b-9868-57a2d4851a1d" relativeResultsDirectory="eed4a1e5-a302-4642-bf90-2d0cf952106d">
      <Output>
        <DebugTrace>Recurly: Requesting GET https://api.recurly.com/accounts/totallynotfound!@%23$
Recurly Library Received: 404 - NotFound
</DebugTrace>
      </Output>
    </UnitTestResult>
    <UnitTestResult executionId="4e9c6278-6c6f-4e30-a644-2f6259f6f7f8" testId="e4eb6404-fb29-be97-1070-b69e8b647ace" testName="CloseAccount" computerName="HAL" duration="00:00:00.5834217" startTime="2012-04-29T10:06:04.9368135+01:00" endTime="2012-04-29T10:06:05.5238470+01:00" testType="13cdc9d9-ddb5-4fa4-a97d-d965ccfc6d4b" outcome="Failed" testListId="8c84fa94-04c1-424b-9868-57a2d4851a1d" relativeResultsDirectory="4e9c6278-6c6f-4e30-a644-2f6259f6f7f8">
      <Output>
        <DebugTrace>Recurly: Requesting DELETE https://api.recurly.com/accounts/939-acct
Recurly Library Received: 404 - NotFound
</DebugTrace>
        <ErrorInfo>
          <Message>Test method Recurly.Test.BillingInfoTest.CloseAccount threw exception: 
Recurly.NotFoundException: Account not found</Message>
          <StackTrace>    at Recurly.RecurlyClient.PerformRequest(HttpRequestMethod method, String urlPath, WriteXmlDelegate writeXmlDelegate, ReadXmlDelegate readXmlDelegate) in C:\dev\recurly-client-net\Library\RecurlyClient.cs:line 178
   at Recurly.RecurlyClient.PerformRequest(HttpRequestMethod method, String urlPath) in C:\dev\recurly-client-net\Library\RecurlyClient.cs:line 112
   at Recurly.RecurlyAccount.CloseAccount(String accountCode) in C:\dev\recurly-client-net\Library\RecurlyAccount.cs:line 97
   at Recurly.RecurlyAccount.CloseAccount() in C:\dev\recurly-client-net\Library\RecurlyAccount.cs:line 87
   at Recurly.Test.BillingInfoTest.CloseAccount() in C:\dev\recurly-client-net\Test\BillingInfoTest.cs:line 63
</StackTrace>
        </ErrorInfo>
      </Output>
    </UnitTestResult>
  </Results>
</TestRun>